[info] Unnecessary 'const' keyword (C:\Users\rober\OneDrive\Escritorio\pruebasraras\rts-1\lib\data\building_data.dart:62:25)
[info] Unnecessary 'const' keyword (C:\Users\rober\OneDrive\Escritorio\pruebasraras\rts-1\lib\data\building_data.dart:148:25)
[info] Unnecessary 'const' keyword (C:\Users\rober\OneDrive\Escritorio\pruebasraras\rts-1\lib\data\building_data.dart:162:25)
[info] Unnecessary 'const' keyword (C:\Users\rober\OneDrive\Escritorio\pruebasraras\rts-1\lib\data\building_data.dart:176:25)
[info] Don't invoke 'print' in production code (C:\Users\rober\OneDrive\Escritorio\pruebasraras\rts-1\lib\services\data_manager.dart:19:5)
[info] Don't invoke 'print' in production code (C:\Users\rober\OneDrive\Escritorio\pruebasraras\rts-1\lib\services\data_manager.dart:23:5)
[info] Don't invoke 'print' in production code (C:\Users\rober\OneDrive\Escritorio\pruebasraras\rts-1\lib\services\data_manager.dart:53:7)
[info] Don't invoke 'print' in production code (C:\Users\rober\OneDrive\Escritorio\pruebasraras\rts-1\lib\services\data_manager.dart:79:7)
[info] 'withOpacity' is deprecated and shouldn't be used. Use .withValues() to avoid precision loss (C:\Users\rober\OneDrive\Escritorio\pruebasraras\rts-1\lib\widgets\building_info_panel.dart:66:38)
[info] 'withOpacity' is deprecated and shouldn't be used. Use .withValues() to avoid precision loss (C:\Users\rober\OneDrive\Escritorio\pruebasraras\rts-1\lib\widgets\building_info_panel.dart:87:60)
[info] 'withOpacity' is deprecated and shouldn't be used. Use .withValues() to avoid precision loss (C:\Users\rober\OneDrive\Escritorio\pruebasraras\rts-1\lib\widgets\building_info_panel.dart:178:56)
[info] 'withOpacity' is deprecated and shouldn't be used. Use .withValues() to avoid precision loss (C:\Users\rober\OneDrive\Escritorio\pruebasraras\rts-1\lib\widgets\building_info_panel.dart:242:32)
[info] 'withOpacity' is deprecated and shouldn't be used. Use .withValues() to avoid precision loss (C:\Users\rober\OneDrive\Escritorio\pruebasraras\rts-1\lib\widgets\building_info_panel.dart:244:39)
[info] 'withOpacity' is deprecated and shouldn't be used. Use .withValues() to avoid precision loss (C:\Users\rober\OneDrive\Escritorio\pruebasraras\rts-1\lib\widgets\building_info_panel.dart:276:61)
[info] 'withOpacity' is deprecated and shouldn't be used. Use .withValues() to avoid precision loss (C:\Users\rober\OneDrive\Escritorio\pruebasraras\rts-1\lib\widgets\building_info_panel.dart:276:96)
[info] 'withOpacity' is deprecated and shouldn't be used. Use .withValues() to avoid precision loss (C:\Users\rober\OneDrive\Escritorio\pruebasraras\rts-1\lib\widgets\building_info_panel.dart:380:53)
[info] 'withOpacity' is deprecated and shouldn't be used. Use .withValues() to avoid precision loss (C:\Users\rober\OneDrive\Escritorio\pruebasraras\rts-1\lib\widgets\building_info_panel.dart:442:58)
[warning] The declaration '_buildCostRow' isn't referenced (C:\Users\rober\OneDrive\Escritorio\pruebasraras\rts-1\lib\widgets\building_info_panel.dart:330:10)
[warning] Unused import: 'investigation_modal.dart' (C:\Users\rober\OneDrive\Escritorio\pruebasraras\rts-1\lib\widgets\fan_menu.dart:2:8)
[error] Undefined class 'Resource' (C:\Users\rober\OneDrive\Escritorio\pruebasraras\rts-1\lib\widgets\game_screen.dart:296:26)
[info] 'translate' is deprecated and shouldn't be used. Use translateByVector3, translateByVector4, or translateByDouble instead (C:\Users\rober\OneDrive\Escritorio\pruebasraras\rts-1\lib\widgets\game_screen.dart:80:12)
[info] 'withOpacity' is deprecated and shouldn't be used. Use .withValues() to avoid precision loss (C:\Users\rober\OneDrive\Escritorio\pruebasraras\rts-1\lib\widgets\game_screen.dart:323:42)
[warning] The value of the field '_ticker' isn't used (C:\Users\rober\OneDrive\Escritorio\pruebasraras\rts-1\lib\widgets\game_screen.dart:44:15)
[info] Don't invoke 'print' in production code (C:\Users\rober\OneDrive\Escritorio\pruebasraras\rts-1\lib\widgets\game_screen.dart:124:5)
[info] Don't invoke 'print' in production code (C:\Users\rober\OneDrive\Escritorio\pruebasraras\rts-1\lib\widgets\game_screen.dart:132:5)
[info] Don't invoke 'print' in production code (C:\Users\rober\OneDrive\Escritorio\pruebasraras\rts-1\lib\widgets\game_screen.dart:219:5)
[info] Don't invoke 'print' in production code (C:\Users\rober\OneDrive\Escritorio\pruebasraras\rts-1\lib\widgets\game_screen.dart:379:5)
[info] 'withOpacity' is deprecated and shouldn't be used. Use .withValues() to avoid precision loss (C:\Users\rober\OneDrive\Escritorio\pruebasraras\rts-1\lib\widgets\investigation_modal.dart:44:42)
[info] 'withOpacity' is deprecated and shouldn't be used. Use .withValues() to avoid precision loss (C:\Users\rober\OneDrive\Escritorio\pruebasraras\rts-1\lib\widgets\investigation_modal.dart:159:22)
[info] 'withOpacity' is deprecated and shouldn't be used. Use .withValues() to avoid precision loss (C:\Users\rober\OneDrive\Escritorio\pruebasraras\rts-1\lib\widgets\isometric_map_renderer.dart:56:50)
[info] 'withOpacity' is deprecated and shouldn't be used. Use .withValues() to avoid precision loss (C:\Users\rober\OneDrive\Escritorio\pruebasraras\rts-1\lib\widgets\isometric_map_renderer.dart:98:38)
[info] 'withOpacity' is deprecated and shouldn't be used. Use .withValues() to avoid precision loss (C:\Users\rober\OneDrive\Escritorio\pruebasraras\rts-1\lib\widgets\isometric_map_renderer.dart:149:39)
[info] 'withOpacity' is deprecated and shouldn't be used. Use .withValues() to avoid precision loss (C:\Users\rober\OneDrive\Escritorio\pruebasraras\rts-1\lib\widgets\isometric_map_renderer.dart:228:60)
[info] 'withOpacity' is deprecated and shouldn't be used. Use .withValues() to avoid precision loss (C:\Users\rober\OneDrive\Escritorio\pruebasraras\rts-1\lib\widgets\isometric_map_renderer.dart:241:32)
[info] 'withOpacity' is deprecated and shouldn't be used. Use .withValues() to avoid precision loss (C:\Users\rober\OneDrive\Escritorio\pruebasraras\rts-1\lib\widgets\isometric_map_renderer.dart:277:46)
[info] 'withOpacity' is deprecated and shouldn't be used. Use .withValues() to avoid precision loss (C:\Users\rober\OneDrive\Escritorio\pruebasraras\rts-1\lib\widgets\isometric_map_renderer.dart:287:47)
[info] 'withOpacity' is deprecated and shouldn't be used. Use .withValues() to avoid precision loss (C:\Users\rober\OneDrive\Escritorio\pruebasraras\rts-1\lib\widgets\isometric_map_renderer.dart:312:46)
[warning] Dead code (C:\Users\rober\OneDrive\Escritorio\pruebasraras\rts-1\lib\widgets\tech_tree_viewer.dart:387:32)
[warning] The left operand can't be null, so the right operand is never executed (C:\Users\rober\OneDrive\Escritorio\pruebasraras\rts-1\lib\widgets\tech_tree_viewer.dart:387:35)
[warning] The left operand can't be null, so the right operand is never executed (C:\Users\rober\OneDrive\Escritorio\pruebasraras\rts-1\lib\widgets\tech_tree_viewer.dart:388:37)
[warning] The left operand can't be null, so the right operand is never executed (C:\Users\rober\OneDrive\Escritorio\pruebasraras\rts-1\lib\widgets\tech_tree_viewer.dart:389:35)